[2025-04-24T23:27:02.056+0000] {processor.py:157} INFO - Started process (PID=70) to work on /opt/airflow/dags/kafka_stream.py
[2025-04-24T23:27:02.057+0000] {processor.py:829} INFO - Processing file /opt/airflow/dags/kafka_stream.py for tasks to queue
[2025-04-24T23:27:02.058+0000] {logging_mixin.py:151} INFO - [2025-04-24T23:27:02.058+0000] {dagbag.py:539} INFO - Filling up the DagBag from /opt/airflow/dags/kafka_stream.py
[2025-04-24T23:27:02.086+0000] {processor.py:839} INFO - DAG(s) dict_keys(['user_automation']) retrieved from /opt/airflow/dags/kafka_stream.py
[2025-04-24T23:27:02.106+0000] {logging_mixin.py:151} INFO - [2025-04-24T23:27:02.106+0000] {dag.py:2907} INFO - Sync 1 DAGs
[2025-04-24T23:27:02.123+0000] {logging_mixin.py:151} INFO - [2025-04-24T23:27:02.123+0000] {dag.py:3677} INFO - Setting next_dagrun for user_automation to 2025-04-23T00:00:00+00:00, run_after=2025-04-24T00:00:00+00:00
[2025-04-24T23:27:02.145+0000] {processor.py:179} INFO - Processing /opt/airflow/dags/kafka_stream.py took 0.091 seconds
[2025-04-24T23:27:32.383+0000] {processor.py:157} INFO - Started process (PID=71) to work on /opt/airflow/dags/kafka_stream.py
[2025-04-24T23:27:32.384+0000] {processor.py:829} INFO - Processing file /opt/airflow/dags/kafka_stream.py for tasks to queue
[2025-04-24T23:27:32.385+0000] {logging_mixin.py:151} INFO - [2025-04-24T23:27:32.385+0000] {dagbag.py:539} INFO - Filling up the DagBag from /opt/airflow/dags/kafka_stream.py
[2025-04-24T23:27:32.417+0000] {processor.py:839} INFO - DAG(s) dict_keys(['user_automation']) retrieved from /opt/airflow/dags/kafka_stream.py
[2025-04-24T23:27:32.437+0000] {logging_mixin.py:151} INFO - [2025-04-24T23:27:32.437+0000] {dag.py:2907} INFO - Sync 1 DAGs
[2025-04-24T23:27:32.453+0000] {logging_mixin.py:151} INFO - [2025-04-24T23:27:32.453+0000] {dag.py:3677} INFO - Setting next_dagrun for user_automation to 2025-04-23T00:00:00+00:00, run_after=2025-04-24T00:00:00+00:00
[2025-04-24T23:27:32.474+0000] {processor.py:179} INFO - Processing /opt/airflow/dags/kafka_stream.py took 0.094 seconds
[2025-04-24T23:57:12.861+0000] {processor.py:157} INFO - Started process (PID=72) to work on /opt/airflow/dags/kafka_stream.py
[2025-04-24T23:57:12.873+0000] {processor.py:829} INFO - Processing file /opt/airflow/dags/kafka_stream.py for tasks to queue
[2025-04-24T23:57:12.883+0000] {logging_mixin.py:151} INFO - [2025-04-24T23:57:12.883+0000] {dagbag.py:539} INFO - Filling up the DagBag from /opt/airflow/dags/kafka_stream.py
[2025-04-24T23:57:12.963+0000] {processor.py:839} INFO - DAG(s) dict_keys(['user_automation']) retrieved from /opt/airflow/dags/kafka_stream.py
[2025-04-24T23:57:13.067+0000] {logging_mixin.py:151} INFO - [2025-04-24T23:57:13.066+0000] {dag.py:2907} INFO - Sync 1 DAGs
[2025-04-24T23:57:13.149+0000] {logging_mixin.py:151} INFO - [2025-04-24T23:57:13.149+0000] {dag.py:3677} INFO - Setting next_dagrun for user_automation to 2025-04-23T00:00:00+00:00, run_after=2025-04-24T00:00:00+00:00
[2025-04-24T23:57:13.353+0000] {processor.py:179} INFO - Processing /opt/airflow/dags/kafka_stream.py took 0.499 seconds
