[2025-04-26T05:52:24.846+0000] {logging_mixin.py:151} INFO - Changing /opt/***/logs/dag_id=user_automation/run_id=scheduled__2025-04-25T00:00:00+00:00/task_id=stream_data_from_api permission to 509
[2025-04-26T05:52:24.852+0000] {logging_mixin.py:151} INFO - Failed to change /opt/***/logs/dag_id=user_automation/run_id=scheduled__2025-04-25T00:00:00+00:00/task_id=stream_data_from_api permission to 509: [Errno 1] Operation not permitted: '/opt/***/logs/dag_id=user_automation/run_id=scheduled__2025-04-25T00:00:00+00:00/task_id=stream_data_from_api'
[2025-04-26T05:52:24.958+0000] {logging_mixin.py:151} INFO - Changing /opt/***/logs/dag_id=user_automation/run_id=scheduled__2025-04-25T00:00:00+00:00/task_id=stream_data_from_api permission to 509
[2025-04-26T05:52:24.967+0000] {logging_mixin.py:151} INFO - Failed to change /opt/***/logs/dag_id=user_automation/run_id=scheduled__2025-04-25T00:00:00+00:00/task_id=stream_data_from_api permission to 509: [Errno 1] Operation not permitted: '/opt/***/logs/dag_id=user_automation/run_id=scheduled__2025-04-25T00:00:00+00:00/task_id=stream_data_from_api'
[2025-04-26T05:52:25.048+0000] {taskinstance.py:1159} INFO - Dependencies all met for dep_context=non-requeueable deps ti=<TaskInstance: user_automation.stream_data_from_api scheduled__2025-04-25T00:00:00+00:00 [queued]>
[2025-04-26T05:52:25.080+0000] {taskinstance.py:1159} INFO - Dependencies all met for dep_context=requeueable deps ti=<TaskInstance: user_automation.stream_data_from_api scheduled__2025-04-25T00:00:00+00:00 [queued]>
[2025-04-26T05:52:25.091+0000] {taskinstance.py:1361} INFO - Starting attempt 1 of 1
[2025-04-26T05:52:25.157+0000] {taskinstance.py:1382} INFO - Executing <Task(PythonOperator): stream_data_from_api> on 2025-04-25 00:00:00+00:00
[2025-04-26T05:52:25.179+0000] {standard_task_runner.py:57} INFO - Started process 119 to run task
[2025-04-26T05:52:25.185+0000] {standard_task_runner.py:84} INFO - Running: ['***', 'tasks', 'run', 'user_automation', 'stream_data_from_api', 'scheduled__2025-04-25T00:00:00+00:00', '--job-id', '8', '--raw', '--subdir', 'DAGS_FOLDER/kafka_stream.py', '--cfg-path', '/tmp/tmpn02gsw60']
[2025-04-26T05:52:25.190+0000] {standard_task_runner.py:85} INFO - Job 8: Subtask stream_data_from_api
[2025-04-26T05:52:25.320+0000] {logging_mixin.py:151} INFO - Changing /opt/***/logs/dag_id=user_automation/run_id=scheduled__2025-04-25T00:00:00+00:00/task_id=stream_data_from_api permission to 509
[2025-04-26T05:52:25.326+0000] {logging_mixin.py:151} INFO - Failed to change /opt/***/logs/dag_id=user_automation/run_id=scheduled__2025-04-25T00:00:00+00:00/task_id=stream_data_from_api permission to 509: [Errno 1] Operation not permitted: '/opt/***/logs/dag_id=user_automation/run_id=scheduled__2025-04-25T00:00:00+00:00/task_id=stream_data_from_api'
[2025-04-26T05:52:25.345+0000] {task_command.py:415} INFO - Running <TaskInstance: user_automation.stream_data_from_api scheduled__2025-04-25T00:00:00+00:00 [running]> on host a3f1561ef11e
[2025-04-26T05:52:25.645+0000] {taskinstance.py:1660} INFO - Exporting env vars: AIRFLOW_CTX_DAG_OWNER='airscholar' AIRFLOW_CTX_DAG_ID='user_automation' AIRFLOW_CTX_TASK_ID='stream_data_from_api' AIRFLOW_CTX_EXECUTION_DATE='2025-04-25T00:00:00+00:00' AIRFLOW_CTX_TRY_NUMBER='1' AIRFLOW_CTX_DAG_RUN_ID='scheduled__2025-04-25T00:00:00+00:00'
[2025-04-26T05:52:25.977+0000] {conn.py:380} INFO - <BrokerConnection node_id=bootstrap-0 host=broker:29092 <connecting> [IPv4 ('172.19.0.8', 29092)]>: connecting to broker:29092 [('172.19.0.8', 29092) IPv4]
[2025-04-26T05:52:26.036+0000] {conn.py:1205} INFO - Probing node bootstrap-0 broker version
[2025-04-26T05:52:26.080+0000] {conn.py:410} INFO - <BrokerConnection node_id=bootstrap-0 host=broker:29092 <connecting> [IPv4 ('172.19.0.8', 29092)]>: Connection complete.
[2025-04-26T05:52:26.297+0000] {conn.py:1267} INFO - Broker version identified as 2.5.0
[2025-04-26T05:52:26.333+0000] {conn.py:1268} INFO - Set configuration api_version=(2, 5, 0) to skip auto check_version requests on startup
[2025-04-26T05:52:27.597+0000] {logging_mixin.py:151} WARNING - /home/***/.local/lib/python3.9/site-packages/urllib3/connectionpool.py:1095 InsecureRequestWarning: Unverified HTTPS request is being made to host 'randomuser.me'. Adding certificate verification is strongly advised. See: https://urllib3.readthedocs.io/en/latest/advanced-usage.html#tls-warnings
[2025-04-26T05:53:06.911+0000] {logging_mixin.py:151} INFO - Record Inserted !!
[2025-04-26T05:53:06.914+0000] {conn.py:380} INFO - <BrokerConnection node_id=1 host=broker:29092 <connecting> [IPv4 ('172.19.0.8', 29092)]>: connecting to broker:29092 [('172.19.0.8', 29092) IPv4]
[2025-04-26T05:53:06.940+0000] {conn.py:410} INFO - <BrokerConnection node_id=1 host=broker:29092 <connecting> [IPv4 ('172.19.0.8', 29092)]>: Connection complete.
[2025-04-26T05:53:06.955+0000] {conn.py:919} INFO - <BrokerConnection node_id=bootstrap-0 host=broker:29092 <connected> [IPv4 ('172.19.0.8', 29092)]>: Closing connection. 
[2025-04-26T05:53:07.183+0000] {logging_mixin.py:151} WARNING - /home/***/.local/lib/python3.9/site-packages/urllib3/connectionpool.py:1095 InsecureRequestWarning: Unverified HTTPS request is being made to host 'randomuser.me'. Adding certificate verification is strongly advised. See: https://urllib3.readthedocs.io/en/latest/advanced-usage.html#tls-warnings
[2025-04-26T05:53:38.089+0000] {logging_mixin.py:151} INFO - Record Inserted !!
[2025-04-26T05:53:38.189+0000] {logging_mixin.py:151} WARNING - /home/***/.local/lib/python3.9/site-packages/urllib3/connectionpool.py:1095 InsecureRequestWarning: Unverified HTTPS request is being made to host 'randomuser.me'. Adding certificate verification is strongly advised. See: https://urllib3.readthedocs.io/en/latest/advanced-usage.html#tls-warnings
[2025-04-26T05:54:07.841+0000] {logging_mixin.py:151} INFO - Record Inserted !!
[2025-04-26T05:54:08.041+0000] {logging_mixin.py:151} WARNING - /home/***/.local/lib/python3.9/site-packages/urllib3/connectionpool.py:1095 InsecureRequestWarning: Unverified HTTPS request is being made to host 'randomuser.me'. Adding certificate verification is strongly advised. See: https://urllib3.readthedocs.io/en/latest/advanced-usage.html#tls-warnings
[2025-04-26T05:54:38.053+0000] {logging_mixin.py:151} INFO - Record Inserted !!
[2025-04-26T05:54:38.193+0000] {logging_mixin.py:151} WARNING - /home/***/.local/lib/python3.9/site-packages/urllib3/connectionpool.py:1095 InsecureRequestWarning: Unverified HTTPS request is being made to host 'randomuser.me'. Adding certificate verification is strongly advised. See: https://urllib3.readthedocs.io/en/latest/advanced-usage.html#tls-warnings
[2025-04-26T05:55:09.124+0000] {logging_mixin.py:151} INFO - Record Inserted !!
[2025-04-26T05:55:09.345+0000] {logging_mixin.py:151} WARNING - /home/***/.local/lib/python3.9/site-packages/urllib3/connectionpool.py:1095 InsecureRequestWarning: Unverified HTTPS request is being made to host 'randomuser.me'. Adding certificate verification is strongly advised. See: https://urllib3.readthedocs.io/en/latest/advanced-usage.html#tls-warnings
[2025-04-26T05:55:44.668+0000] {logging_mixin.py:151} INFO - Record Inserted !!
[2025-04-26T05:55:44.818+0000] {logging_mixin.py:151} WARNING - /home/***/.local/lib/python3.9/site-packages/urllib3/connectionpool.py:1095 InsecureRequestWarning: Unverified HTTPS request is being made to host 'randomuser.me'. Adding certificate verification is strongly advised. See: https://urllib3.readthedocs.io/en/latest/advanced-usage.html#tls-warnings
[2025-04-26T05:56:16.501+0000] {logging_mixin.py:151} INFO - Record Inserted !!
[2025-04-26T05:56:16.657+0000] {logging_mixin.py:151} WARNING - /home/***/.local/lib/python3.9/site-packages/urllib3/connectionpool.py:1095 InsecureRequestWarning: Unverified HTTPS request is being made to host 'randomuser.me'. Adding certificate verification is strongly advised. See: https://urllib3.readthedocs.io/en/latest/advanced-usage.html#tls-warnings
[2025-04-26T05:56:45.046+0000] {logging_mixin.py:151} INFO - Record Inserted !!
[2025-04-26T05:56:45.252+0000] {logging_mixin.py:151} WARNING - /home/***/.local/lib/python3.9/site-packages/urllib3/connectionpool.py:1095 InsecureRequestWarning: Unverified HTTPS request is being made to host 'randomuser.me'. Adding certificate verification is strongly advised. See: https://urllib3.readthedocs.io/en/latest/advanced-usage.html#tls-warnings
[2025-04-26T05:57:14.356+0000] {logging_mixin.py:151} INFO - Record Inserted !!
[2025-04-26T05:57:14.485+0000] {logging_mixin.py:151} WARNING - /home/***/.local/lib/python3.9/site-packages/urllib3/connectionpool.py:1095 InsecureRequestWarning: Unverified HTTPS request is being made to host 'randomuser.me'. Adding certificate verification is strongly advised. See: https://urllib3.readthedocs.io/en/latest/advanced-usage.html#tls-warnings
[2025-04-26T05:57:42.613+0000] {logging_mixin.py:151} INFO - Record Inserted !!
[2025-04-26T05:57:43.067+0000] {logging_mixin.py:151} WARNING - /home/***/.local/lib/python3.9/site-packages/urllib3/connectionpool.py:1095 InsecureRequestWarning: Unverified HTTPS request is being made to host 'randomuser.me'. Adding certificate verification is strongly advised. See: https://urllib3.readthedocs.io/en/latest/advanced-usage.html#tls-warnings
[2025-04-26T05:58:15.187+0000] {logging_mixin.py:151} INFO - Record Inserted !!
[2025-04-26T05:58:15.737+0000] {logging_mixin.py:151} WARNING - /home/***/.local/lib/python3.9/site-packages/urllib3/connectionpool.py:1095 InsecureRequestWarning: Unverified HTTPS request is being made to host 'randomuser.me'. Adding certificate verification is strongly advised. See: https://urllib3.readthedocs.io/en/latest/advanced-usage.html#tls-warnings
[2025-04-26T05:58:48.870+0000] {logging_mixin.py:151} INFO - Record Inserted !!
[2025-04-26T05:58:49.025+0000] {logging_mixin.py:151} WARNING - /home/***/.local/lib/python3.9/site-packages/urllib3/connectionpool.py:1095 InsecureRequestWarning: Unverified HTTPS request is being made to host 'randomuser.me'. Adding certificate verification is strongly advised. See: https://urllib3.readthedocs.io/en/latest/advanced-usage.html#tls-warnings
[2025-04-26T05:59:24.881+0000] {logging_mixin.py:151} INFO - Record Inserted !!
[2025-04-26T05:59:25.726+0000] {logging_mixin.py:151} WARNING - /home/***/.local/lib/python3.9/site-packages/urllib3/connectionpool.py:1095 InsecureRequestWarning: Unverified HTTPS request is being made to host 'randomuser.me'. Adding certificate verification is strongly advised. See: https://urllib3.readthedocs.io/en/latest/advanced-usage.html#tls-warnings
[2025-04-26T06:00:04.374+0000] {logging_mixin.py:151} INFO - Record Inserted !!
[2025-04-26T06:00:04.519+0000] {logging_mixin.py:151} WARNING - /home/***/.local/lib/python3.9/site-packages/urllib3/connectionpool.py:1095 InsecureRequestWarning: Unverified HTTPS request is being made to host 'randomuser.me'. Adding certificate verification is strongly advised. See: https://urllib3.readthedocs.io/en/latest/advanced-usage.html#tls-warnings
[2025-04-26T06:00:13.260+0000] {kafka_stream.py:57} ERROR - An error occured: Expecting value: line 1 column 1 (char 0)
[2025-04-26T06:00:13.380+0000] {logging_mixin.py:151} WARNING - /home/***/.local/lib/python3.9/site-packages/urllib3/connectionpool.py:1095 InsecureRequestWarning: Unverified HTTPS request is being made to host 'randomuser.me'. Adding certificate verification is strongly advised. See: https://urllib3.readthedocs.io/en/latest/advanced-usage.html#tls-warnings
[2025-04-26T06:00:20.684+0000] {kafka_stream.py:57} ERROR - An error occured: Expecting value: line 1 column 1 (char 0)
[2025-04-26T06:00:20.827+0000] {logging_mixin.py:151} WARNING - /home/***/.local/lib/python3.9/site-packages/urllib3/connectionpool.py:1095 InsecureRequestWarning: Unverified HTTPS request is being made to host 'randomuser.me'. Adding certificate verification is strongly advised. See: https://urllib3.readthedocs.io/en/latest/advanced-usage.html#tls-warnings
[2025-04-26T06:00:29.123+0000] {kafka_stream.py:57} ERROR - An error occured: Expecting value: line 1 column 1 (char 0)
[2025-04-26T06:00:29.273+0000] {logging_mixin.py:151} WARNING - /home/***/.local/lib/python3.9/site-packages/urllib3/connectionpool.py:1095 InsecureRequestWarning: Unverified HTTPS request is being made to host 'randomuser.me'. Adding certificate verification is strongly advised. See: https://urllib3.readthedocs.io/en/latest/advanced-usage.html#tls-warnings
[2025-04-26T06:00:37.417+0000] {kafka_stream.py:57} ERROR - An error occured: Expecting value: line 1 column 1 (char 0)
[2025-04-26T06:00:37.551+0000] {logging_mixin.py:151} WARNING - /home/***/.local/lib/python3.9/site-packages/urllib3/connectionpool.py:1095 InsecureRequestWarning: Unverified HTTPS request is being made to host 'randomuser.me'. Adding certificate verification is strongly advised. See: https://urllib3.readthedocs.io/en/latest/advanced-usage.html#tls-warnings
[2025-04-26T06:01:18.580+0000] {logging_mixin.py:151} INFO - Record Inserted !!
[2025-04-26T06:01:18.728+0000] {logging_mixin.py:151} WARNING - /home/***/.local/lib/python3.9/site-packages/urllib3/connectionpool.py:1095 InsecureRequestWarning: Unverified HTTPS request is being made to host 'randomuser.me'. Adding certificate verification is strongly advised. See: https://urllib3.readthedocs.io/en/latest/advanced-usage.html#tls-warnings
[2025-04-26T06:01:52.680+0000] {logging_mixin.py:151} INFO - Record Inserted !!
[2025-04-26T06:01:52.829+0000] {logging_mixin.py:151} WARNING - /home/***/.local/lib/python3.9/site-packages/urllib3/connectionpool.py:1095 InsecureRequestWarning: Unverified HTTPS request is being made to host 'randomuser.me'. Adding certificate verification is strongly advised. See: https://urllib3.readthedocs.io/en/latest/advanced-usage.html#tls-warnings
[2025-04-26T06:02:24.459+0000] {logging_mixin.py:151} INFO - Record Inserted !!
[2025-04-26T06:02:24.578+0000] {logging_mixin.py:151} WARNING - /home/***/.local/lib/python3.9/site-packages/urllib3/connectionpool.py:1095 InsecureRequestWarning: Unverified HTTPS request is being made to host 'randomuser.me'. Adding certificate verification is strongly advised. See: https://urllib3.readthedocs.io/en/latest/advanced-usage.html#tls-warnings
[2025-04-26T06:02:54.790+0000] {logging_mixin.py:151} INFO - Record Inserted !!
[2025-04-26T06:02:55.290+0000] {logging_mixin.py:151} WARNING - /home/***/.local/lib/python3.9/site-packages/urllib3/connectionpool.py:1095 InsecureRequestWarning: Unverified HTTPS request is being made to host 'randomuser.me'. Adding certificate verification is strongly advised. See: https://urllib3.readthedocs.io/en/latest/advanced-usage.html#tls-warnings
[2025-04-26T06:03:27.507+0000] {logging_mixin.py:151} INFO - Record Inserted !!
[2025-04-26T06:03:27.676+0000] {logging_mixin.py:151} WARNING - /home/***/.local/lib/python3.9/site-packages/urllib3/connectionpool.py:1095 InsecureRequestWarning: Unverified HTTPS request is being made to host 'randomuser.me'. Adding certificate verification is strongly advised. See: https://urllib3.readthedocs.io/en/latest/advanced-usage.html#tls-warnings
[2025-04-26T06:03:56.176+0000] {logging_mixin.py:151} INFO - Record Inserted !!
[2025-04-26T06:03:56.319+0000] {logging_mixin.py:151} WARNING - /home/***/.local/lib/python3.9/site-packages/urllib3/connectionpool.py:1095 InsecureRequestWarning: Unverified HTTPS request is being made to host 'randomuser.me'. Adding certificate verification is strongly advised. See: https://urllib3.readthedocs.io/en/latest/advanced-usage.html#tls-warnings
[2025-04-26T06:04:30.076+0000] {logging_mixin.py:151} INFO - Record Inserted !!
[2025-04-26T06:04:30.249+0000] {logging_mixin.py:151} WARNING - /home/***/.local/lib/python3.9/site-packages/urllib3/connectionpool.py:1095 InsecureRequestWarning: Unverified HTTPS request is being made to host 'randomuser.me'. Adding certificate verification is strongly advised. See: https://urllib3.readthedocs.io/en/latest/advanced-usage.html#tls-warnings
[2025-04-26T06:05:03.048+0000] {logging_mixin.py:151} INFO - Record Inserted !!
[2025-04-26T06:05:03.233+0000] {logging_mixin.py:151} WARNING - /home/***/.local/lib/python3.9/site-packages/urllib3/connectionpool.py:1095 InsecureRequestWarning: Unverified HTTPS request is being made to host 'randomuser.me'. Adding certificate verification is strongly advised. See: https://urllib3.readthedocs.io/en/latest/advanced-usage.html#tls-warnings
[2025-04-26T06:05:34.585+0000] {logging_mixin.py:151} INFO - Record Inserted !!
[2025-04-26T06:05:34.775+0000] {logging_mixin.py:151} WARNING - /home/***/.local/lib/python3.9/site-packages/urllib3/connectionpool.py:1095 InsecureRequestWarning: Unverified HTTPS request is being made to host 'randomuser.me'. Adding certificate verification is strongly advised. See: https://urllib3.readthedocs.io/en/latest/advanced-usage.html#tls-warnings
[2025-04-26T06:06:10.322+0000] {logging_mixin.py:151} INFO - Record Inserted !!
[2025-04-26T06:06:10.776+0000] {logging_mixin.py:151} WARNING - /home/***/.local/lib/python3.9/site-packages/urllib3/connectionpool.py:1095 InsecureRequestWarning: Unverified HTTPS request is being made to host 'randomuser.me'. Adding certificate verification is strongly advised. See: https://urllib3.readthedocs.io/en/latest/advanced-usage.html#tls-warnings
[2025-04-26T06:06:42.738+0000] {logging_mixin.py:151} INFO - Record Inserted !!
[2025-04-26T06:06:43.067+0000] {logging_mixin.py:151} WARNING - /home/***/.local/lib/python3.9/site-packages/urllib3/connectionpool.py:1095 InsecureRequestWarning: Unverified HTTPS request is being made to host 'randomuser.me'. Adding certificate verification is strongly advised. See: https://urllib3.readthedocs.io/en/latest/advanced-usage.html#tls-warnings
[2025-04-26T06:07:12.173+0000] {logging_mixin.py:151} INFO - Record Inserted !!
[2025-04-26T06:07:12.661+0000] {logging_mixin.py:151} WARNING - /home/***/.local/lib/python3.9/site-packages/urllib3/connectionpool.py:1095 InsecureRequestWarning: Unverified HTTPS request is being made to host 'randomuser.me'. Adding certificate verification is strongly advised. See: https://urllib3.readthedocs.io/en/latest/advanced-usage.html#tls-warnings
[2025-04-26T06:07:42.165+0000] {logging_mixin.py:151} INFO - Record Inserted !!
[2025-04-26T06:07:42.407+0000] {logging_mixin.py:151} WARNING - /home/***/.local/lib/python3.9/site-packages/urllib3/connectionpool.py:1095 InsecureRequestWarning: Unverified HTTPS request is being made to host 'randomuser.me'. Adding certificate verification is strongly advised. See: https://urllib3.readthedocs.io/en/latest/advanced-usage.html#tls-warnings
[2025-04-26T06:08:17.297+0000] {logging_mixin.py:151} INFO - Record Inserted !!
[2025-04-26T06:08:17.885+0000] {logging_mixin.py:151} WARNING - /home/***/.local/lib/python3.9/site-packages/urllib3/connectionpool.py:1095 InsecureRequestWarning: Unverified HTTPS request is being made to host 'randomuser.me'. Adding certificate verification is strongly advised. See: https://urllib3.readthedocs.io/en/latest/advanced-usage.html#tls-warnings
[2025-04-26T06:08:27.132+0000] {kafka_stream.py:57} ERROR - An error occured: Expecting value: line 1 column 1 (char 0)
[2025-04-26T06:08:27.300+0000] {logging_mixin.py:151} WARNING - /home/***/.local/lib/python3.9/site-packages/urllib3/connectionpool.py:1095 InsecureRequestWarning: Unverified HTTPS request is being made to host 'randomuser.me'. Adding certificate verification is strongly advised. See: https://urllib3.readthedocs.io/en/latest/advanced-usage.html#tls-warnings
[2025-04-26T06:08:36.337+0000] {kafka_stream.py:57} ERROR - An error occured: Expecting value: line 1 column 1 (char 0)
[2025-04-26T06:08:36.520+0000] {logging_mixin.py:151} WARNING - /home/***/.local/lib/python3.9/site-packages/urllib3/connectionpool.py:1095 InsecureRequestWarning: Unverified HTTPS request is being made to host 'randomuser.me'. Adding certificate verification is strongly advised. See: https://urllib3.readthedocs.io/en/latest/advanced-usage.html#tls-warnings
[2025-04-26T06:09:03.797+0000] {logging_mixin.py:151} INFO - Record Inserted !!
[2025-04-26T06:09:05.722+0000] {logging_mixin.py:151} WARNING - /home/***/.local/lib/python3.9/site-packages/urllib3/connectionpool.py:1095 InsecureRequestWarning: Unverified HTTPS request is being made to host 'randomuser.me'. Adding certificate verification is strongly advised. See: https://urllib3.readthedocs.io/en/latest/advanced-usage.html#tls-warnings
[2025-04-26T06:09:14.765+0000] {kafka_stream.py:57} ERROR - An error occured: Expecting value: line 1 column 1 (char 0)
[2025-04-26T06:09:15.146+0000] {logging_mixin.py:151} WARNING - /home/***/.local/lib/python3.9/site-packages/urllib3/connectionpool.py:1095 InsecureRequestWarning: Unverified HTTPS request is being made to host 'randomuser.me'. Adding certificate verification is strongly advised. See: https://urllib3.readthedocs.io/en/latest/advanced-usage.html#tls-warnings
[2025-04-26T06:09:23.936+0000] {kafka_stream.py:57} ERROR - An error occured: Expecting value: line 1 column 1 (char 0)
[2025-04-26T06:09:24.200+0000] {logging_mixin.py:151} WARNING - /home/***/.local/lib/python3.9/site-packages/urllib3/connectionpool.py:1095 InsecureRequestWarning: Unverified HTTPS request is being made to host 'randomuser.me'. Adding certificate verification is strongly advised. See: https://urllib3.readthedocs.io/en/latest/advanced-usage.html#tls-warnings
[2025-04-26T06:09:58.708+0000] {logging_mixin.py:151} INFO - Record Inserted !!
[2025-04-26T06:09:58.956+0000] {logging_mixin.py:151} WARNING - /home/***/.local/lib/python3.9/site-packages/urllib3/connectionpool.py:1095 InsecureRequestWarning: Unverified HTTPS request is being made to host 'randomuser.me'. Adding certificate verification is strongly advised. See: https://urllib3.readthedocs.io/en/latest/advanced-usage.html#tls-warnings
[2025-04-26T06:10:40.151+0000] {logging_mixin.py:151} INFO - Record Inserted !!
[2025-04-26T06:10:40.391+0000] {logging_mixin.py:151} WARNING - /home/***/.local/lib/python3.9/site-packages/urllib3/connectionpool.py:1095 InsecureRequestWarning: Unverified HTTPS request is being made to host 'randomuser.me'. Adding certificate verification is strongly advised. See: https://urllib3.readthedocs.io/en/latest/advanced-usage.html#tls-warnings
[2025-04-26T06:11:17.548+0000] {logging_mixin.py:151} INFO - Record Inserted !!
[2025-04-26T06:11:17.721+0000] {logging_mixin.py:151} WARNING - /home/***/.local/lib/python3.9/site-packages/urllib3/connectionpool.py:1095 InsecureRequestWarning: Unverified HTTPS request is being made to host 'randomuser.me'. Adding certificate verification is strongly advised. See: https://urllib3.readthedocs.io/en/latest/advanced-usage.html#tls-warnings
[2025-04-26T06:11:47.137+0000] {logging_mixin.py:151} INFO - Record Inserted !!
[2025-04-26T06:11:47.488+0000] {logging_mixin.py:151} WARNING - /home/***/.local/lib/python3.9/site-packages/urllib3/connectionpool.py:1095 InsecureRequestWarning: Unverified HTTPS request is being made to host 'randomuser.me'. Adding certificate verification is strongly advised. See: https://urllib3.readthedocs.io/en/latest/advanced-usage.html#tls-warnings
[2025-04-26T06:12:20.664+0000] {logging_mixin.py:151} INFO - Record Inserted !!
[2025-04-26T06:12:20.894+0000] {logging_mixin.py:151} WARNING - /home/***/.local/lib/python3.9/site-packages/urllib3/connectionpool.py:1095 InsecureRequestWarning: Unverified HTTPS request is being made to host 'randomuser.me'. Adding certificate verification is strongly advised. See: https://urllib3.readthedocs.io/en/latest/advanced-usage.html#tls-warnings
[2025-04-26T06:12:30.691+0000] {kafka_stream.py:57} ERROR - An error occured: Expecting value: line 1 column 1 (char 0)
[2025-04-26T06:12:30.896+0000] {logging_mixin.py:151} WARNING - /home/***/.local/lib/python3.9/site-packages/urllib3/connectionpool.py:1095 InsecureRequestWarning: Unverified HTTPS request is being made to host 'randomuser.me'. Adding certificate verification is strongly advised. See: https://urllib3.readthedocs.io/en/latest/advanced-usage.html#tls-warnings
[2025-04-26T06:13:02.595+0000] {logging_mixin.py:151} INFO - Record Inserted !!
[2025-04-26T06:13:02.875+0000] {logging_mixin.py:151} WARNING - /home/***/.local/lib/python3.9/site-packages/urllib3/connectionpool.py:1095 InsecureRequestWarning: Unverified HTTPS request is being made to host 'randomuser.me'. Adding certificate verification is strongly advised. See: https://urllib3.readthedocs.io/en/latest/advanced-usage.html#tls-warnings
[2025-04-26T06:13:11.333+0000] {kafka_stream.py:57} ERROR - An error occured: Expecting value: line 1 column 1 (char 0)
[2025-04-26T06:13:11.515+0000] {logging_mixin.py:151} WARNING - /home/***/.local/lib/python3.9/site-packages/urllib3/connectionpool.py:1095 InsecureRequestWarning: Unverified HTTPS request is being made to host 'randomuser.me'. Adding certificate verification is strongly advised. See: https://urllib3.readthedocs.io/en/latest/advanced-usage.html#tls-warnings
[2025-04-26T06:13:47.674+0000] {logging_mixin.py:151} INFO - Record Inserted !!
[2025-04-26T06:13:48.013+0000] {logging_mixin.py:151} WARNING - /home/***/.local/lib/python3.9/site-packages/urllib3/connectionpool.py:1095 InsecureRequestWarning: Unverified HTTPS request is being made to host 'randomuser.me'. Adding certificate verification is strongly advised. See: https://urllib3.readthedocs.io/en/latest/advanced-usage.html#tls-warnings
[2025-04-26T06:13:59.133+0000] {kafka_stream.py:57} ERROR - An error occured: Expecting value: line 1 column 1 (char 0)
[2025-04-26T06:13:59.285+0000] {logging_mixin.py:151} WARNING - /home/***/.local/lib/python3.9/site-packages/urllib3/connectionpool.py:1095 InsecureRequestWarning: Unverified HTTPS request is being made to host 'randomuser.me'. Adding certificate verification is strongly advised. See: https://urllib3.readthedocs.io/en/latest/advanced-usage.html#tls-warnings
[2025-04-26T06:14:07.408+0000] {kafka_stream.py:57} ERROR - An error occured: Expecting value: line 1 column 1 (char 0)
[2025-04-26T06:14:07.546+0000] {logging_mixin.py:151} WARNING - /home/***/.local/lib/python3.9/site-packages/urllib3/connectionpool.py:1095 InsecureRequestWarning: Unverified HTTPS request is being made to host 'randomuser.me'. Adding certificate verification is strongly advised. See: https://urllib3.readthedocs.io/en/latest/advanced-usage.html#tls-warnings
[2025-04-26T06:14:40.831+0000] {logging_mixin.py:151} INFO - Record Inserted !!
[2025-04-26T06:14:40.939+0000] {logging_mixin.py:151} WARNING - /home/***/.local/lib/python3.9/site-packages/urllib3/connectionpool.py:1095 InsecureRequestWarning: Unverified HTTPS request is being made to host 'randomuser.me'. Adding certificate verification is strongly advised. See: https://urllib3.readthedocs.io/en/latest/advanced-usage.html#tls-warnings
[2025-04-26T06:14:49.498+0000] {kafka_stream.py:57} ERROR - An error occured: Expecting value: line 1 column 1 (char 0)
[2025-04-26T06:14:49.633+0000] {logging_mixin.py:151} WARNING - /home/***/.local/lib/python3.9/site-packages/urllib3/connectionpool.py:1095 InsecureRequestWarning: Unverified HTTPS request is being made to host 'randomuser.me'. Adding certificate verification is strongly advised. See: https://urllib3.readthedocs.io/en/latest/advanced-usage.html#tls-warnings
[2025-04-26T06:15:29.161+0000] {logging_mixin.py:151} INFO - Record Inserted !!
[2025-04-26T06:15:29.335+0000] {logging_mixin.py:151} WARNING - /home/***/.local/lib/python3.9/site-packages/urllib3/connectionpool.py:1095 InsecureRequestWarning: Unverified HTTPS request is being made to host 'randomuser.me'. Adding certificate verification is strongly advised. See: https://urllib3.readthedocs.io/en/latest/advanced-usage.html#tls-warnings
[2025-04-26T06:16:07.316+0000] {logging_mixin.py:151} INFO - Record Inserted !!
[2025-04-26T06:16:07.425+0000] {logging_mixin.py:151} WARNING - /home/***/.local/lib/python3.9/site-packages/urllib3/connectionpool.py:1095 InsecureRequestWarning: Unverified HTTPS request is being made to host 'randomuser.me'. Adding certificate verification is strongly advised. See: https://urllib3.readthedocs.io/en/latest/advanced-usage.html#tls-warnings
[2025-04-26T06:16:43.258+0000] {logging_mixin.py:151} INFO - Record Inserted !!
[2025-04-26T06:16:43.421+0000] {logging_mixin.py:151} WARNING - /home/***/.local/lib/python3.9/site-packages/urllib3/connectionpool.py:1095 InsecureRequestWarning: Unverified HTTPS request is being made to host 'randomuser.me'. Adding certificate verification is strongly advised. See: https://urllib3.readthedocs.io/en/latest/advanced-usage.html#tls-warnings
[2025-04-26T06:17:20.029+0000] {logging_mixin.py:151} INFO - Record Inserted !!
[2025-04-26T06:17:20.180+0000] {logging_mixin.py:151} WARNING - /home/***/.local/lib/python3.9/site-packages/urllib3/connectionpool.py:1095 InsecureRequestWarning: Unverified HTTPS request is being made to host 'randomuser.me'. Adding certificate verification is strongly advised. See: https://urllib3.readthedocs.io/en/latest/advanced-usage.html#tls-warnings
[2025-04-26T06:17:51.556+0000] {logging_mixin.py:151} INFO - Record Inserted !!
[2025-04-26T06:17:51.659+0000] {logging_mixin.py:151} WARNING - /home/***/.local/lib/python3.9/site-packages/urllib3/connectionpool.py:1095 InsecureRequestWarning: Unverified HTTPS request is being made to host 'randomuser.me'. Adding certificate verification is strongly advised. See: https://urllib3.readthedocs.io/en/latest/advanced-usage.html#tls-warnings
[2025-04-26T06:18:23.968+0000] {logging_mixin.py:151} INFO - Record Inserted !!
[2025-04-26T06:18:24.099+0000] {logging_mixin.py:151} WARNING - /home/***/.local/lib/python3.9/site-packages/urllib3/connectionpool.py:1095 InsecureRequestWarning: Unverified HTTPS request is being made to host 'randomuser.me'. Adding certificate verification is strongly advised. See: https://urllib3.readthedocs.io/en/latest/advanced-usage.html#tls-warnings
[2025-04-26T06:18:33.707+0000] {kafka_stream.py:57} ERROR - An error occured: Expecting value: line 1 column 1 (char 0)
[2025-04-26T06:18:33.835+0000] {logging_mixin.py:151} WARNING - /home/***/.local/lib/python3.9/site-packages/urllib3/connectionpool.py:1095 InsecureRequestWarning: Unverified HTTPS request is being made to host 'randomuser.me'. Adding certificate verification is strongly advised. See: https://urllib3.readthedocs.io/en/latest/advanced-usage.html#tls-warnings
[2025-04-26T06:19:08.013+0000] {logging_mixin.py:151} INFO - Record Inserted !!
[2025-04-26T06:19:08.162+0000] {logging_mixin.py:151} WARNING - /home/***/.local/lib/python3.9/site-packages/urllib3/connectionpool.py:1095 InsecureRequestWarning: Unverified HTTPS request is being made to host 'randomuser.me'. Adding certificate verification is strongly advised. See: https://urllib3.readthedocs.io/en/latest/advanced-usage.html#tls-warnings
[2025-04-26T06:19:44.084+0000] {logging_mixin.py:151} INFO - Record Inserted !!
[2025-04-26T06:19:44.278+0000] {logging_mixin.py:151} WARNING - /home/***/.local/lib/python3.9/site-packages/urllib3/connectionpool.py:1095 InsecureRequestWarning: Unverified HTTPS request is being made to host 'randomuser.me'. Adding certificate verification is strongly advised. See: https://urllib3.readthedocs.io/en/latest/advanced-usage.html#tls-warnings
[2025-04-26T06:19:52.681+0000] {kafka_stream.py:57} ERROR - An error occured: Expecting value: line 1 column 1 (char 0)
[2025-04-26T06:19:52.843+0000] {logging_mixin.py:151} WARNING - /home/***/.local/lib/python3.9/site-packages/urllib3/connectionpool.py:1095 InsecureRequestWarning: Unverified HTTPS request is being made to host 'randomuser.me'. Adding certificate verification is strongly advised. See: https://urllib3.readthedocs.io/en/latest/advanced-usage.html#tls-warnings
[2025-04-26T06:20:28.624+0000] {logging_mixin.py:151} INFO - Record Inserted !!
[2025-04-26T06:20:28.745+0000] {logging_mixin.py:151} WARNING - /home/***/.local/lib/python3.9/site-packages/urllib3/connectionpool.py:1095 InsecureRequestWarning: Unverified HTTPS request is being made to host 'randomuser.me'. Adding certificate verification is strongly advised. See: https://urllib3.readthedocs.io/en/latest/advanced-usage.html#tls-warnings
[2025-04-26T06:21:01.719+0000] {logging_mixin.py:151} INFO - Record Inserted !!
[2025-04-26T06:21:01.919+0000] {logging_mixin.py:151} WARNING - /home/***/.local/lib/python3.9/site-packages/urllib3/connectionpool.py:1095 InsecureRequestWarning: Unverified HTTPS request is being made to host 'randomuser.me'. Adding certificate verification is strongly advised. See: https://urllib3.readthedocs.io/en/latest/advanced-usage.html#tls-warnings
[2025-04-26T06:21:39.608+0000] {logging_mixin.py:151} INFO - Record Inserted !!
[2025-04-26T06:21:40.465+0000] {logging_mixin.py:151} WARNING - /home/***/.local/lib/python3.9/site-packages/urllib3/connectionpool.py:1095 InsecureRequestWarning: Unverified HTTPS request is being made to host 'randomuser.me'. Adding certificate verification is strongly advised. See: https://urllib3.readthedocs.io/en/latest/advanced-usage.html#tls-warnings
[2025-04-26T06:21:49.024+0000] {kafka_stream.py:57} ERROR - An error occured: Expecting value: line 1 column 1 (char 0)
[2025-04-26T06:21:49.367+0000] {logging_mixin.py:151} WARNING - /home/***/.local/lib/python3.9/site-packages/urllib3/connectionpool.py:1095 InsecureRequestWarning: Unverified HTTPS request is being made to host 'randomuser.me'. Adding certificate verification is strongly advised. See: https://urllib3.readthedocs.io/en/latest/advanced-usage.html#tls-warnings
[2025-04-26T06:22:25.160+0000] {logging_mixin.py:151} INFO - Record Inserted !!
[2025-04-26T06:22:25.358+0000] {logging_mixin.py:151} WARNING - /home/***/.local/lib/python3.9/site-packages/urllib3/connectionpool.py:1095 InsecureRequestWarning: Unverified HTTPS request is being made to host 'randomuser.me'. Adding certificate verification is strongly advised. See: https://urllib3.readthedocs.io/en/latest/advanced-usage.html#tls-warnings
[2025-04-26T06:22:58.468+0000] {logging_mixin.py:151} INFO - Record Inserted !!
[2025-04-26T06:22:58.574+0000] {logging_mixin.py:151} WARNING - /home/***/.local/lib/python3.9/site-packages/urllib3/connectionpool.py:1095 InsecureRequestWarning: Unverified HTTPS request is being made to host 'randomuser.me'. Adding certificate verification is strongly advised. See: https://urllib3.readthedocs.io/en/latest/advanced-usage.html#tls-warnings
[2025-04-26T06:23:30.598+0000] {logging_mixin.py:151} INFO - Record Inserted !!
[2025-04-26T06:23:30.901+0000] {logging_mixin.py:151} WARNING - /home/***/.local/lib/python3.9/site-packages/urllib3/connectionpool.py:1095 InsecureRequestWarning: Unverified HTTPS request is being made to host 'randomuser.me'. Adding certificate verification is strongly advised. See: https://urllib3.readthedocs.io/en/latest/advanced-usage.html#tls-warnings
[2025-04-26T06:24:11.483+0000] {kafka_stream.py:57} ERROR - An error occured: ('Connection aborted.', RemoteDisconnected('Remote end closed connection without response'))
[2025-04-26T06:24:13.901+0000] {kafka_stream.py:57} ERROR - An error occured: HTTPSConnectionPool(host='randomuser.me', port=443): Max retries exceeded with url: /api/ (Caused by NameResolutionError("<urllib3.connection.HTTPSConnection object at 0x7f8ae375bd90>: Failed to resolve 'randomuser.me' ([Errno -2] Name or service not known)"))
[2025-04-26T06:24:15.022+0000] {logging_mixin.py:151} WARNING - /home/***/.local/lib/python3.9/site-packages/urllib3/connectionpool.py:1095 InsecureRequestWarning: Unverified HTTPS request is being made to host 'randomuser.me'. Adding certificate verification is strongly advised. See: https://urllib3.readthedocs.io/en/latest/advanced-usage.html#tls-warnings
[2025-04-26T06:24:47.734+0000] {logging_mixin.py:151} INFO - Record Inserted !!
[2025-04-26T06:24:48.055+0000] {logging_mixin.py:151} WARNING - /home/***/.local/lib/python3.9/site-packages/urllib3/connectionpool.py:1095 InsecureRequestWarning: Unverified HTTPS request is being made to host 'randomuser.me'. Adding certificate verification is strongly advised. See: https://urllib3.readthedocs.io/en/latest/advanced-usage.html#tls-warnings
[2025-04-26T06:25:24.882+0000] {logging_mixin.py:151} INFO - Record Inserted !!
[2025-04-26T06:25:25.094+0000] {logging_mixin.py:151} WARNING - /home/***/.local/lib/python3.9/site-packages/urllib3/connectionpool.py:1095 InsecureRequestWarning: Unverified HTTPS request is being made to host 'randomuser.me'. Adding certificate verification is strongly advised. See: https://urllib3.readthedocs.io/en/latest/advanced-usage.html#tls-warnings
[2025-04-26T06:25:35.901+0000] {kafka_stream.py:57} ERROR - An error occured: Expecting value: line 1 column 1 (char 0)
[2025-04-26T06:25:36.080+0000] {logging_mixin.py:151} WARNING - /home/***/.local/lib/python3.9/site-packages/urllib3/connectionpool.py:1095 InsecureRequestWarning: Unverified HTTPS request is being made to host 'randomuser.me'. Adding certificate verification is strongly advised. See: https://urllib3.readthedocs.io/en/latest/advanced-usage.html#tls-warnings
[2025-04-26T06:25:44.967+0000] {kafka_stream.py:57} ERROR - An error occured: Expecting value: line 1 column 1 (char 0)
[2025-04-26T06:25:45.321+0000] {logging_mixin.py:151} WARNING - /home/***/.local/lib/python3.9/site-packages/urllib3/connectionpool.py:1095 InsecureRequestWarning: Unverified HTTPS request is being made to host 'randomuser.me'. Adding certificate verification is strongly advised. See: https://urllib3.readthedocs.io/en/latest/advanced-usage.html#tls-warnings
[2025-04-26T06:26:25.951+0000] {logging_mixin.py:151} INFO - Record Inserted !!
[2025-04-26T06:26:26.316+0000] {logging_mixin.py:151} WARNING - /home/***/.local/lib/python3.9/site-packages/urllib3/connectionpool.py:1095 InsecureRequestWarning: Unverified HTTPS request is being made to host 'randomuser.me'. Adding certificate verification is strongly advised. See: https://urllib3.readthedocs.io/en/latest/advanced-usage.html#tls-warnings
[2025-04-26T06:26:54.885+0000] {logging_mixin.py:151} INFO - Record Inserted !!
[2025-04-26T06:26:55.117+0000] {logging_mixin.py:151} WARNING - /home/***/.local/lib/python3.9/site-packages/urllib3/connectionpool.py:1095 InsecureRequestWarning: Unverified HTTPS request is being made to host 'randomuser.me'. Adding certificate verification is strongly advised. See: https://urllib3.readthedocs.io/en/latest/advanced-usage.html#tls-warnings
[2025-04-26T06:27:24.952+0000] {logging_mixin.py:151} INFO - Record Inserted !!
[2025-04-26T06:27:25.259+0000] {logging_mixin.py:151} WARNING - /home/***/.local/lib/python3.9/site-packages/urllib3/connectionpool.py:1095 InsecureRequestWarning: Unverified HTTPS request is being made to host 'randomuser.me'. Adding certificate verification is strongly advised. See: https://urllib3.readthedocs.io/en/latest/advanced-usage.html#tls-warnings
[2025-04-26T06:27:54.895+0000] {logging_mixin.py:151} INFO - Record Inserted !!
[2025-04-26T06:27:55.172+0000] {logging_mixin.py:151} WARNING - /home/***/.local/lib/python3.9/site-packages/urllib3/connectionpool.py:1095 InsecureRequestWarning: Unverified HTTPS request is being made to host 'randomuser.me'. Adding certificate verification is strongly advised. See: https://urllib3.readthedocs.io/en/latest/advanced-usage.html#tls-warnings
[2025-04-26T06:28:34.929+0000] {logging_mixin.py:151} INFO - Record Inserted !!
[2025-04-26T06:28:35.235+0000] {logging_mixin.py:151} WARNING - /home/***/.local/lib/python3.9/site-packages/urllib3/connectionpool.py:1095 InsecureRequestWarning: Unverified HTTPS request is being made to host 'randomuser.me'. Adding certificate verification is strongly advised. See: https://urllib3.readthedocs.io/en/latest/advanced-usage.html#tls-warnings
[2025-04-26T06:28:45.988+0000] {kafka_stream.py:57} ERROR - An error occured: Expecting value: line 1 column 1 (char 0)
[2025-04-26T06:28:46.227+0000] {logging_mixin.py:151} WARNING - /home/***/.local/lib/python3.9/site-packages/urllib3/connectionpool.py:1095 InsecureRequestWarning: Unverified HTTPS request is being made to host 'randomuser.me'. Adding certificate verification is strongly advised. See: https://urllib3.readthedocs.io/en/latest/advanced-usage.html#tls-warnings
[2025-04-26T06:28:54.970+0000] {kafka_stream.py:57} ERROR - An error occured: Expecting value: line 1 column 1 (char 0)
[2025-04-26T06:28:55.181+0000] {logging_mixin.py:151} WARNING - /home/***/.local/lib/python3.9/site-packages/urllib3/connectionpool.py:1095 InsecureRequestWarning: Unverified HTTPS request is being made to host 'randomuser.me'. Adding certificate verification is strongly advised. See: https://urllib3.readthedocs.io/en/latest/advanced-usage.html#tls-warnings
[2025-04-26T06:29:03.291+0000] {kafka_stream.py:57} ERROR - An error occured: Expecting value: line 1 column 1 (char 0)
[2025-04-26T06:29:03.505+0000] {logging_mixin.py:151} WARNING - /home/***/.local/lib/python3.9/site-packages/urllib3/connectionpool.py:1095 InsecureRequestWarning: Unverified HTTPS request is being made to host 'randomuser.me'. Adding certificate verification is strongly advised. See: https://urllib3.readthedocs.io/en/latest/advanced-usage.html#tls-warnings
[2025-04-26T06:29:34.928+0000] {logging_mixin.py:151} INFO - Record Inserted !!
[2025-04-26T06:29:35.169+0000] {logging_mixin.py:151} WARNING - /home/***/.local/lib/python3.9/site-packages/urllib3/connectionpool.py:1095 InsecureRequestWarning: Unverified HTTPS request is being made to host 'randomuser.me'. Adding certificate verification is strongly advised. See: https://urllib3.readthedocs.io/en/latest/advanced-usage.html#tls-warnings
[2025-04-26T06:30:10.367+0000] {logging_mixin.py:151} INFO - Record Inserted !!
[2025-04-26T06:30:10.992+0000] {logging_mixin.py:151} WARNING - /home/***/.local/lib/python3.9/site-packages/urllib3/connectionpool.py:1095 InsecureRequestWarning: Unverified HTTPS request is being made to host 'randomuser.me'. Adding certificate verification is strongly advised. See: https://urllib3.readthedocs.io/en/latest/advanced-usage.html#tls-warnings
[2025-04-26T06:30:54.363+0000] {logging_mixin.py:151} INFO - Record Inserted !!
[2025-04-26T06:30:54.696+0000] {logging_mixin.py:151} WARNING - /home/***/.local/lib/python3.9/site-packages/urllib3/connectionpool.py:1095 InsecureRequestWarning: Unverified HTTPS request is being made to host 'randomuser.me'. Adding certificate verification is strongly advised. See: https://urllib3.readthedocs.io/en/latest/advanced-usage.html#tls-warnings
[2025-04-26T06:31:52.458+0000] {logging_mixin.py:151} INFO - Record Inserted !!
[2025-04-26T06:31:52.723+0000] {logging_mixin.py:151} WARNING - /home/***/.local/lib/python3.9/site-packages/urllib3/connectionpool.py:1095 InsecureRequestWarning: Unverified HTTPS request is being made to host 'randomuser.me'. Adding certificate verification is strongly advised. See: https://urllib3.readthedocs.io/en/latest/advanced-usage.html#tls-warnings
[2025-04-26T06:32:38.436+0000] {logging_mixin.py:151} INFO - Record Inserted !!
[2025-04-26T06:32:38.671+0000] {logging_mixin.py:151} WARNING - /home/***/.local/lib/python3.9/site-packages/urllib3/connectionpool.py:1095 InsecureRequestWarning: Unverified HTTPS request is being made to host 'randomuser.me'. Adding certificate verification is strongly advised. See: https://urllib3.readthedocs.io/en/latest/advanced-usage.html#tls-warnings
[2025-04-26T06:33:21.951+0000] {logging_mixin.py:151} INFO - Record Inserted !!
[2025-04-26T06:33:22.217+0000] {logging_mixin.py:151} WARNING - /home/***/.local/lib/python3.9/site-packages/urllib3/connectionpool.py:1095 InsecureRequestWarning: Unverified HTTPS request is being made to host 'randomuser.me'. Adding certificate verification is strongly advised. See: https://urllib3.readthedocs.io/en/latest/advanced-usage.html#tls-warnings
[2025-04-26T06:33:30.834+0000] {kafka_stream.py:57} ERROR - An error occured: Expecting value: line 1 column 1 (char 0)
[2025-04-26T06:33:31.044+0000] {logging_mixin.py:151} WARNING - /home/***/.local/lib/python3.9/site-packages/urllib3/connectionpool.py:1095 InsecureRequestWarning: Unverified HTTPS request is being made to host 'randomuser.me'. Adding certificate verification is strongly advised. See: https://urllib3.readthedocs.io/en/latest/advanced-usage.html#tls-warnings
[2025-04-26T06:34:03.965+0000] {logging_mixin.py:151} INFO - Record Inserted !!
[2025-04-26T06:34:04.213+0000] {logging_mixin.py:151} WARNING - /home/***/.local/lib/python3.9/site-packages/urllib3/connectionpool.py:1095 InsecureRequestWarning: Unverified HTTPS request is being made to host 'randomuser.me'. Adding certificate verification is strongly advised. See: https://urllib3.readthedocs.io/en/latest/advanced-usage.html#tls-warnings
[2025-04-26T06:34:37.491+0000] {logging_mixin.py:151} INFO - Record Inserted !!
[2025-04-26T06:34:37.798+0000] {logging_mixin.py:151} WARNING - /home/***/.local/lib/python3.9/site-packages/urllib3/connectionpool.py:1095 InsecureRequestWarning: Unverified HTTPS request is being made to host 'randomuser.me'. Adding certificate verification is strongly advised. See: https://urllib3.readthedocs.io/en/latest/advanced-usage.html#tls-warnings
[2025-04-26T06:35:18.198+0000] {logging_mixin.py:151} INFO - Record Inserted !!
[2025-04-26T06:35:19.098+0000] {logging_mixin.py:151} WARNING - /home/***/.local/lib/python3.9/site-packages/urllib3/connectionpool.py:1095 InsecureRequestWarning: Unverified HTTPS request is being made to host 'randomuser.me'. Adding certificate verification is strongly advised. See: https://urllib3.readthedocs.io/en/latest/advanced-usage.html#tls-warnings
[2025-04-26T06:35:29.248+0000] {kafka_stream.py:57} ERROR - An error occured: Expecting value: line 1 column 1 (char 0)
[2025-04-26T06:35:29.494+0000] {logging_mixin.py:151} WARNING - /home/***/.local/lib/python3.9/site-packages/urllib3/connectionpool.py:1095 InsecureRequestWarning: Unverified HTTPS request is being made to host 'randomuser.me'. Adding certificate verification is strongly advised. See: https://urllib3.readthedocs.io/en/latest/advanced-usage.html#tls-warnings
[2025-04-26T06:36:08.646+0000] {logging_mixin.py:151} INFO - Record Inserted !!
[2025-04-26T06:36:08.858+0000] {logging_mixin.py:151} WARNING - /home/***/.local/lib/python3.9/site-packages/urllib3/connectionpool.py:1095 InsecureRequestWarning: Unverified HTTPS request is being made to host 'randomuser.me'. Adding certificate verification is strongly advised. See: https://urllib3.readthedocs.io/en/latest/advanced-usage.html#tls-warnings
[2025-04-26T06:36:42.216+0000] {logging_mixin.py:151} INFO - Record Inserted !!
[2025-04-26T06:36:42.421+0000] {logging_mixin.py:151} WARNING - /home/***/.local/lib/python3.9/site-packages/urllib3/connectionpool.py:1095 InsecureRequestWarning: Unverified HTTPS request is being made to host 'randomuser.me'. Adding certificate verification is strongly advised. See: https://urllib3.readthedocs.io/en/latest/advanced-usage.html#tls-warnings
[2025-04-26T06:37:22.850+0000] {logging_mixin.py:151} INFO - Record Inserted !!
[2025-04-26T06:37:24.538+0000] {logging_mixin.py:151} WARNING - /home/***/.local/lib/python3.9/site-packages/urllib3/connectionpool.py:1095 InsecureRequestWarning: Unverified HTTPS request is being made to host 'randomuser.me'. Adding certificate verification is strongly advised. See: https://urllib3.readthedocs.io/en/latest/advanced-usage.html#tls-warnings
[2025-04-26T06:38:07.068+0000] {logging_mixin.py:151} INFO - Record Inserted !!
[2025-04-26T06:38:07.332+0000] {logging_mixin.py:151} WARNING - /home/***/.local/lib/python3.9/site-packages/urllib3/connectionpool.py:1095 InsecureRequestWarning: Unverified HTTPS request is being made to host 'randomuser.me'. Adding certificate verification is strongly advised. See: https://urllib3.readthedocs.io/en/latest/advanced-usage.html#tls-warnings
[2025-04-26T06:38:16.351+0000] {kafka_stream.py:57} ERROR - An error occured: Expecting value: line 1 column 1 (char 0)
[2025-04-26T06:38:16.601+0000] {logging_mixin.py:151} WARNING - /home/***/.local/lib/python3.9/site-packages/urllib3/connectionpool.py:1095 InsecureRequestWarning: Unverified HTTPS request is being made to host 'randomuser.me'. Adding certificate verification is strongly advised. See: https://urllib3.readthedocs.io/en/latest/advanced-usage.html#tls-warnings
[2025-04-26T06:38:24.458+0000] {kafka_stream.py:57} ERROR - An error occured: Expecting value: line 1 column 1 (char 0)
[2025-04-26T06:38:24.665+0000] {logging_mixin.py:151} WARNING - /home/***/.local/lib/python3.9/site-packages/urllib3/connectionpool.py:1095 InsecureRequestWarning: Unverified HTTPS request is being made to host 'randomuser.me'. Adding certificate verification is strongly advised. See: https://urllib3.readthedocs.io/en/latest/advanced-usage.html#tls-warnings
[2025-04-26T06:38:34.066+0000] {kafka_stream.py:57} ERROR - An error occured: Expecting value: line 1 column 1 (char 0)
[2025-04-26T06:38:34.263+0000] {logging_mixin.py:151} WARNING - /home/***/.local/lib/python3.9/site-packages/urllib3/connectionpool.py:1095 InsecureRequestWarning: Unverified HTTPS request is being made to host 'randomuser.me'. Adding certificate verification is strongly advised. See: https://urllib3.readthedocs.io/en/latest/advanced-usage.html#tls-warnings
[2025-04-26T06:39:18.967+0000] {logging_mixin.py:151} INFO - Record Inserted !!
[2025-04-26T06:39:19.172+0000] {logging_mixin.py:151} WARNING - /home/***/.local/lib/python3.9/site-packages/urllib3/connectionpool.py:1095 InsecureRequestWarning: Unverified HTTPS request is being made to host 'randomuser.me'. Adding certificate verification is strongly advised. See: https://urllib3.readthedocs.io/en/latest/advanced-usage.html#tls-warnings
[2025-04-26T06:39:30.694+0000] {kafka_stream.py:57} ERROR - An error occured: Expecting value: line 1 column 1 (char 0)
[2025-04-26T06:39:30.942+0000] {logging_mixin.py:151} WARNING - /home/***/.local/lib/python3.9/site-packages/urllib3/connectionpool.py:1095 InsecureRequestWarning: Unverified HTTPS request is being made to host 'randomuser.me'. Adding certificate verification is strongly advised. See: https://urllib3.readthedocs.io/en/latest/advanced-usage.html#tls-warnings
[2025-04-26T06:40:17.191+0000] {logging_mixin.py:151} INFO - Record Inserted !!
[2025-04-26T06:40:17.593+0000] {logging_mixin.py:151} WARNING - /home/***/.local/lib/python3.9/site-packages/urllib3/connectionpool.py:1095 InsecureRequestWarning: Unverified HTTPS request is being made to host 'randomuser.me'. Adding certificate verification is strongly advised. See: https://urllib3.readthedocs.io/en/latest/advanced-usage.html#tls-warnings
[2025-04-26T06:40:52.819+0000] {logging_mixin.py:151} INFO - Record Inserted !!
[2025-04-26T06:40:53.049+0000] {logging_mixin.py:151} WARNING - /home/***/.local/lib/python3.9/site-packages/urllib3/connectionpool.py:1095 InsecureRequestWarning: Unverified HTTPS request is being made to host 'randomuser.me'. Adding certificate verification is strongly advised. See: https://urllib3.readthedocs.io/en/latest/advanced-usage.html#tls-warnings
[2025-04-26T06:41:37.569+0000] {logging_mixin.py:151} INFO - Record Inserted !!
[2025-04-26T06:41:37.774+0000] {logging_mixin.py:151} WARNING - /home/***/.local/lib/python3.9/site-packages/urllib3/connectionpool.py:1095 InsecureRequestWarning: Unverified HTTPS request is being made to host 'randomuser.me'. Adding certificate verification is strongly advised. See: https://urllib3.readthedocs.io/en/latest/advanced-usage.html#tls-warnings
[2025-04-26T06:42:15.239+0000] {logging_mixin.py:151} INFO - Record Inserted !!
[2025-04-26T06:42:17.906+0000] {logging_mixin.py:151} WARNING - /home/***/.local/lib/python3.9/site-packages/urllib3/connectionpool.py:1095 InsecureRequestWarning: Unverified HTTPS request is being made to host 'randomuser.me'. Adding certificate verification is strongly advised. See: https://urllib3.readthedocs.io/en/latest/advanced-usage.html#tls-warnings
[2025-04-26T06:42:25.692+0000] {kafka_stream.py:57} ERROR - An error occured: Expecting value: line 1 column 1 (char 0)
[2025-04-26T06:42:25.914+0000] {logging_mixin.py:151} WARNING - /home/***/.local/lib/python3.9/site-packages/urllib3/connectionpool.py:1095 InsecureRequestWarning: Unverified HTTPS request is being made to host 'randomuser.me'. Adding certificate verification is strongly advised. See: https://urllib3.readthedocs.io/en/latest/advanced-usage.html#tls-warnings
[2025-04-26T06:43:11.186+0000] {logging_mixin.py:151} INFO - Record Inserted !!
[2025-04-26T06:43:11.193+0000] {conn.py:919} INFO - <BrokerConnection node_id=1 host=broker:29092 <connected> [IPv4 ('172.19.0.8', 29092)]>: Closing connection. 
[2025-04-26T06:43:11.201+0000] {python.py:194} INFO - Done. Returned value was: None
[2025-04-26T06:43:11.290+0000] {taskinstance.py:1400} INFO - Marking task as SUCCESS. dag_id=user_automation, task_id=stream_data_from_api, execution_date=20250425T000000, start_date=20250426T055225, end_date=20250426T064311
[2025-04-26T06:43:11.391+0000] {local_task_job_runner.py:228} INFO - Task exited with return code 0
[2025-04-26T06:43:11.449+0000] {taskinstance.py:2784} INFO - 0 downstream tasks scheduled from follow-on schedule check
