[2025-04-25T12:04:05.013+0000] {logging_mixin.py:151} INFO - Changing /opt/***/logs/dag_id=user_automation/run_id=manual__2025-04-25T12:03:38.610955+00:00/task_id=stream_data_from_api permission to 509
[2025-04-25T12:04:05.015+0000] {logging_mixin.py:151} INFO - Failed to change /opt/***/logs/dag_id=user_automation/run_id=manual__2025-04-25T12:03:38.610955+00:00/task_id=stream_data_from_api permission to 509: [Errno 1] Operation not permitted: '/opt/***/logs/dag_id=user_automation/run_id=manual__2025-04-25T12:03:38.610955+00:00/task_id=stream_data_from_api'
[2025-04-25T12:04:05.045+0000] {logging_mixin.py:151} INFO - Changing /opt/***/logs/dag_id=user_automation/run_id=manual__2025-04-25T12:03:38.610955+00:00/task_id=stream_data_from_api permission to 509
[2025-04-25T12:04:05.046+0000] {logging_mixin.py:151} INFO - Failed to change /opt/***/logs/dag_id=user_automation/run_id=manual__2025-04-25T12:03:38.610955+00:00/task_id=stream_data_from_api permission to 509: [Errno 1] Operation not permitted: '/opt/***/logs/dag_id=user_automation/run_id=manual__2025-04-25T12:03:38.610955+00:00/task_id=stream_data_from_api'
[2025-04-25T12:04:05.072+0000] {taskinstance.py:1159} INFO - Dependencies all met for dep_context=non-requeueable deps ti=<TaskInstance: user_automation.stream_data_from_api manual__2025-04-25T12:03:38.610955+00:00 [queued]>
[2025-04-25T12:04:05.078+0000] {taskinstance.py:1159} INFO - Dependencies all met for dep_context=requeueable deps ti=<TaskInstance: user_automation.stream_data_from_api manual__2025-04-25T12:03:38.610955+00:00 [queued]>
[2025-04-25T12:04:05.079+0000] {taskinstance.py:1361} INFO - Starting attempt 1 of 1
[2025-04-25T12:04:05.090+0000] {taskinstance.py:1382} INFO - Executing <Task(PythonOperator): stream_data_from_api> on 2025-04-25 12:03:38.610955+00:00
[2025-04-25T12:04:05.093+0000] {standard_task_runner.py:57} INFO - Started process 95 to run task
[2025-04-25T12:04:05.095+0000] {standard_task_runner.py:84} INFO - Running: ['***', 'tasks', 'run', 'user_automation', 'stream_data_from_api', 'manual__2025-04-25T12:03:38.610955+00:00', '--job-id', '7', '--raw', '--subdir', 'DAGS_FOLDER/kafka_stream.py', '--cfg-path', '/tmp/tmpbjf2bur0']
[2025-04-25T12:04:05.097+0000] {standard_task_runner.py:85} INFO - Job 7: Subtask stream_data_from_api
[2025-04-25T12:04:05.135+0000] {logging_mixin.py:151} INFO - Changing /opt/***/logs/dag_id=user_automation/run_id=manual__2025-04-25T12:03:38.610955+00:00/task_id=stream_data_from_api permission to 509
[2025-04-25T12:04:05.136+0000] {logging_mixin.py:151} INFO - Failed to change /opt/***/logs/dag_id=user_automation/run_id=manual__2025-04-25T12:03:38.610955+00:00/task_id=stream_data_from_api permission to 509: [Errno 1] Operation not permitted: '/opt/***/logs/dag_id=user_automation/run_id=manual__2025-04-25T12:03:38.610955+00:00/task_id=stream_data_from_api'
[2025-04-25T12:04:05.140+0000] {task_command.py:415} INFO - Running <TaskInstance: user_automation.stream_data_from_api manual__2025-04-25T12:03:38.610955+00:00 [running]> on host a3f1561ef11e
[2025-04-25T12:04:05.205+0000] {taskinstance.py:1660} INFO - Exporting env vars: AIRFLOW_CTX_DAG_OWNER='airscholar' AIRFLOW_CTX_DAG_ID='user_automation' AIRFLOW_CTX_TASK_ID='stream_data_from_api' AIRFLOW_CTX_EXECUTION_DATE='2025-04-25T12:03:38.610955+00:00' AIRFLOW_CTX_TRY_NUMBER='1' AIRFLOW_CTX_DAG_RUN_ID='manual__2025-04-25T12:03:38.610955+00:00'
[2025-04-25T12:04:05.238+0000] {conn.py:380} INFO - <BrokerConnection node_id=bootstrap-0 host=broker:29092 <connecting> [IPv4 ('172.19.0.8', 29092)]>: connecting to broker:29092 [('172.19.0.8', 29092) IPv4]
[2025-04-25T12:04:05.239+0000] {conn.py:1205} INFO - Probing node bootstrap-0 broker version
[2025-04-25T12:04:05.240+0000] {conn.py:410} INFO - <BrokerConnection node_id=bootstrap-0 host=broker:29092 <connecting> [IPv4 ('172.19.0.8', 29092)]>: Connection complete.
[2025-04-25T12:04:05.348+0000] {conn.py:1267} INFO - Broker version identified as 2.5.0
[2025-04-25T12:04:05.350+0000] {conn.py:1268} INFO - Set configuration api_version=(2, 5, 0) to skip auto check_version requests on startup
[2025-04-25T12:04:06.164+0000] {logging_mixin.py:151} WARNING - /home/***/.local/lib/python3.9/site-packages/urllib3/connectionpool.py:1095 InsecureRequestWarning: Unverified HTTPS request is being made to host 'randomuser.me'. Adding certificate verification is strongly advised. See: https://urllib3.readthedocs.io/en/latest/advanced-usage.html#tls-warnings
[2025-04-25T12:04:21.844+0000] {logging_mixin.py:151} INFO - Record Inserted !!
[2025-04-25T12:04:21.846+0000] {conn.py:380} INFO - <BrokerConnection node_id=1 host=broker:29092 <connecting> [IPv4 ('172.19.0.8', 29092)]>: connecting to broker:29092 [('172.19.0.8', 29092) IPv4]
[2025-04-25T12:04:21.847+0000] {conn.py:410} INFO - <BrokerConnection node_id=1 host=broker:29092 <connecting> [IPv4 ('172.19.0.8', 29092)]>: Connection complete.
[2025-04-25T12:04:21.849+0000] {conn.py:919} INFO - <BrokerConnection node_id=bootstrap-0 host=broker:29092 <connected> [IPv4 ('172.19.0.8', 29092)]>: Closing connection. 
[2025-04-25T12:04:22.077+0000] {logging_mixin.py:151} WARNING - /home/***/.local/lib/python3.9/site-packages/urllib3/connectionpool.py:1095 InsecureRequestWarning: Unverified HTTPS request is being made to host 'randomuser.me'. Adding certificate verification is strongly advised. See: https://urllib3.readthedocs.io/en/latest/advanced-usage.html#tls-warnings
[2025-04-25T12:04:36.303+0000] {logging_mixin.py:151} INFO - Record Inserted !!
[2025-04-25T12:04:36.489+0000] {logging_mixin.py:151} WARNING - /home/***/.local/lib/python3.9/site-packages/urllib3/connectionpool.py:1095 InsecureRequestWarning: Unverified HTTPS request is being made to host 'randomuser.me'. Adding certificate verification is strongly advised. See: https://urllib3.readthedocs.io/en/latest/advanced-usage.html#tls-warnings
[2025-04-25T12:04:53.552+0000] {logging_mixin.py:151} INFO - Record Inserted !!
[2025-04-25T12:04:53.762+0000] {logging_mixin.py:151} WARNING - /home/***/.local/lib/python3.9/site-packages/urllib3/connectionpool.py:1095 InsecureRequestWarning: Unverified HTTPS request is being made to host 'randomuser.me'. Adding certificate verification is strongly advised. See: https://urllib3.readthedocs.io/en/latest/advanced-usage.html#tls-warnings
[2025-04-25T12:05:14.506+0000] {logging_mixin.py:151} INFO - Record Inserted !!
[2025-04-25T12:05:14.703+0000] {logging_mixin.py:151} WARNING - /home/***/.local/lib/python3.9/site-packages/urllib3/connectionpool.py:1095 InsecureRequestWarning: Unverified HTTPS request is being made to host 'randomuser.me'. Adding certificate verification is strongly advised. See: https://urllib3.readthedocs.io/en/latest/advanced-usage.html#tls-warnings
[2025-04-25T12:05:33.709+0000] {logging_mixin.py:151} INFO - Record Inserted !!
[2025-04-25T12:05:33.981+0000] {logging_mixin.py:151} WARNING - /home/***/.local/lib/python3.9/site-packages/urllib3/connectionpool.py:1095 InsecureRequestWarning: Unverified HTTPS request is being made to host 'randomuser.me'. Adding certificate verification is strongly advised. See: https://urllib3.readthedocs.io/en/latest/advanced-usage.html#tls-warnings
[2025-04-25T12:05:51.952+0000] {logging_mixin.py:151} INFO - Record Inserted !!
[2025-04-25T12:05:52.185+0000] {logging_mixin.py:151} WARNING - /home/***/.local/lib/python3.9/site-packages/urllib3/connectionpool.py:1095 InsecureRequestWarning: Unverified HTTPS request is being made to host 'randomuser.me'. Adding certificate verification is strongly advised. See: https://urllib3.readthedocs.io/en/latest/advanced-usage.html#tls-warnings
[2025-04-25T12:06:10.007+0000] {logging_mixin.py:151} INFO - Record Inserted !!
[2025-04-25T12:06:10.267+0000] {logging_mixin.py:151} WARNING - /home/***/.local/lib/python3.9/site-packages/urllib3/connectionpool.py:1095 InsecureRequestWarning: Unverified HTTPS request is being made to host 'randomuser.me'. Adding certificate verification is strongly advised. See: https://urllib3.readthedocs.io/en/latest/advanced-usage.html#tls-warnings
[2025-04-25T12:06:26.406+0000] {logging_mixin.py:151} INFO - Record Inserted !!
[2025-04-25T12:06:26.659+0000] {logging_mixin.py:151} WARNING - /home/***/.local/lib/python3.9/site-packages/urllib3/connectionpool.py:1095 InsecureRequestWarning: Unverified HTTPS request is being made to host 'randomuser.me'. Adding certificate verification is strongly advised. See: https://urllib3.readthedocs.io/en/latest/advanced-usage.html#tls-warnings
[2025-04-25T12:06:41.709+0000] {logging_mixin.py:151} INFO - Record Inserted !!
[2025-04-25T12:06:41.923+0000] {logging_mixin.py:151} WARNING - /home/***/.local/lib/python3.9/site-packages/urllib3/connectionpool.py:1095 InsecureRequestWarning: Unverified HTTPS request is being made to host 'randomuser.me'. Adding certificate verification is strongly advised. See: https://urllib3.readthedocs.io/en/latest/advanced-usage.html#tls-warnings
[2025-04-25T12:06:58.190+0000] {logging_mixin.py:151} INFO - Record Inserted !!
[2025-04-25T12:06:58.430+0000] {logging_mixin.py:151} WARNING - /home/***/.local/lib/python3.9/site-packages/urllib3/connectionpool.py:1095 InsecureRequestWarning: Unverified HTTPS request is being made to host 'randomuser.me'. Adding certificate verification is strongly advised. See: https://urllib3.readthedocs.io/en/latest/advanced-usage.html#tls-warnings
[2025-04-25T12:07:18.517+0000] {logging_mixin.py:151} INFO - Record Inserted !!
[2025-04-25T12:07:19.072+0000] {logging_mixin.py:151} WARNING - /home/***/.local/lib/python3.9/site-packages/urllib3/connectionpool.py:1095 InsecureRequestWarning: Unverified HTTPS request is being made to host 'randomuser.me'. Adding certificate verification is strongly advised. See: https://urllib3.readthedocs.io/en/latest/advanced-usage.html#tls-warnings
[2025-04-25T12:07:37.815+0000] {logging_mixin.py:151} INFO - Record Inserted !!
[2025-04-25T12:07:38.017+0000] {logging_mixin.py:151} WARNING - /home/***/.local/lib/python3.9/site-packages/urllib3/connectionpool.py:1095 InsecureRequestWarning: Unverified HTTPS request is being made to host 'randomuser.me'. Adding certificate verification is strongly advised. See: https://urllib3.readthedocs.io/en/latest/advanced-usage.html#tls-warnings
[2025-04-25T12:07:56.267+0000] {logging_mixin.py:151} INFO - Record Inserted !!
[2025-04-25T12:07:56.478+0000] {logging_mixin.py:151} WARNING - /home/***/.local/lib/python3.9/site-packages/urllib3/connectionpool.py:1095 InsecureRequestWarning: Unverified HTTPS request is being made to host 'randomuser.me'. Adding certificate verification is strongly advised. See: https://urllib3.readthedocs.io/en/latest/advanced-usage.html#tls-warnings
[2025-04-25T12:08:15.603+0000] {logging_mixin.py:151} INFO - Record Inserted !!
[2025-04-25T12:08:15.797+0000] {logging_mixin.py:151} WARNING - /home/***/.local/lib/python3.9/site-packages/urllib3/connectionpool.py:1095 InsecureRequestWarning: Unverified HTTPS request is being made to host 'randomuser.me'. Adding certificate verification is strongly advised. See: https://urllib3.readthedocs.io/en/latest/advanced-usage.html#tls-warnings
[2025-04-25T12:08:32.771+0000] {logging_mixin.py:151} INFO - Record Inserted !!
[2025-04-25T12:08:32.932+0000] {logging_mixin.py:151} WARNING - /home/***/.local/lib/python3.9/site-packages/urllib3/connectionpool.py:1095 InsecureRequestWarning: Unverified HTTPS request is being made to host 'randomuser.me'. Adding certificate verification is strongly advised. See: https://urllib3.readthedocs.io/en/latest/advanced-usage.html#tls-warnings
[2025-04-25T12:08:49.775+0000] {logging_mixin.py:151} INFO - Record Inserted !!
[2025-04-25T12:08:49.972+0000] {logging_mixin.py:151} WARNING - /home/***/.local/lib/python3.9/site-packages/urllib3/connectionpool.py:1095 InsecureRequestWarning: Unverified HTTPS request is being made to host 'randomuser.me'. Adding certificate verification is strongly advised. See: https://urllib3.readthedocs.io/en/latest/advanced-usage.html#tls-warnings
[2025-04-25T12:09:09.230+0000] {logging_mixin.py:151} INFO - Record Inserted !!
[2025-04-25T12:09:09.607+0000] {logging_mixin.py:151} WARNING - /home/***/.local/lib/python3.9/site-packages/urllib3/connectionpool.py:1095 InsecureRequestWarning: Unverified HTTPS request is being made to host 'randomuser.me'. Adding certificate verification is strongly advised. See: https://urllib3.readthedocs.io/en/latest/advanced-usage.html#tls-warnings
[2025-04-25T12:09:25.860+0000] {logging_mixin.py:151} INFO - Record Inserted !!
[2025-04-25T12:09:26.031+0000] {logging_mixin.py:151} WARNING - /home/***/.local/lib/python3.9/site-packages/urllib3/connectionpool.py:1095 InsecureRequestWarning: Unverified HTTPS request is being made to host 'randomuser.me'. Adding certificate verification is strongly advised. See: https://urllib3.readthedocs.io/en/latest/advanced-usage.html#tls-warnings
[2025-04-25T12:09:40.901+0000] {logging_mixin.py:151} INFO - Record Inserted !!
[2025-04-25T12:09:41.103+0000] {logging_mixin.py:151} WARNING - /home/***/.local/lib/python3.9/site-packages/urllib3/connectionpool.py:1095 InsecureRequestWarning: Unverified HTTPS request is being made to host 'randomuser.me'. Adding certificate verification is strongly advised. See: https://urllib3.readthedocs.io/en/latest/advanced-usage.html#tls-warnings
[2025-04-25T12:09:57.500+0000] {logging_mixin.py:151} INFO - Record Inserted !!
[2025-04-25T12:09:57.969+0000] {logging_mixin.py:151} WARNING - /home/***/.local/lib/python3.9/site-packages/urllib3/connectionpool.py:1095 InsecureRequestWarning: Unverified HTTPS request is being made to host 'randomuser.me'. Adding certificate verification is strongly advised. See: https://urllib3.readthedocs.io/en/latest/advanced-usage.html#tls-warnings
[2025-04-25T12:10:17.641+0000] {logging_mixin.py:151} INFO - Record Inserted !!
[2025-04-25T12:10:17.890+0000] {logging_mixin.py:151} WARNING - /home/***/.local/lib/python3.9/site-packages/urllib3/connectionpool.py:1095 InsecureRequestWarning: Unverified HTTPS request is being made to host 'randomuser.me'. Adding certificate verification is strongly advised. See: https://urllib3.readthedocs.io/en/latest/advanced-usage.html#tls-warnings
[2025-04-25T12:10:37.422+0000] {logging_mixin.py:151} INFO - Record Inserted !!
[2025-04-25T12:10:37.727+0000] {logging_mixin.py:151} WARNING - /home/***/.local/lib/python3.9/site-packages/urllib3/connectionpool.py:1095 InsecureRequestWarning: Unverified HTTPS request is being made to host 'randomuser.me'. Adding certificate verification is strongly advised. See: https://urllib3.readthedocs.io/en/latest/advanced-usage.html#tls-warnings
[2025-04-25T12:10:56.388+0000] {logging_mixin.py:151} INFO - Record Inserted !!
[2025-04-25T12:10:56.690+0000] {logging_mixin.py:151} WARNING - /home/***/.local/lib/python3.9/site-packages/urllib3/connectionpool.py:1095 InsecureRequestWarning: Unverified HTTPS request is being made to host 'randomuser.me'. Adding certificate verification is strongly advised. See: https://urllib3.readthedocs.io/en/latest/advanced-usage.html#tls-warnings
[2025-04-25T12:11:13.490+0000] {logging_mixin.py:151} INFO - Record Inserted !!
[2025-04-25T12:11:13.679+0000] {logging_mixin.py:151} WARNING - /home/***/.local/lib/python3.9/site-packages/urllib3/connectionpool.py:1095 InsecureRequestWarning: Unverified HTTPS request is being made to host 'randomuser.me'. Adding certificate verification is strongly advised. See: https://urllib3.readthedocs.io/en/latest/advanced-usage.html#tls-warnings
[2025-04-25T12:11:28.108+0000] {logging_mixin.py:151} INFO - Record Inserted !!
[2025-04-25T12:11:28.341+0000] {logging_mixin.py:151} WARNING - /home/***/.local/lib/python3.9/site-packages/urllib3/connectionpool.py:1095 InsecureRequestWarning: Unverified HTTPS request is being made to host 'randomuser.me'. Adding certificate verification is strongly advised. See: https://urllib3.readthedocs.io/en/latest/advanced-usage.html#tls-warnings
[2025-04-25T12:11:33.236+0000] {kafka_stream.py:57} ERROR - An error occured: ('Connection aborted.', RemoteDisconnected('Remote end closed connection without response'))
[2025-04-25T12:11:34.873+0000] {logging_mixin.py:151} WARNING - /home/***/.local/lib/python3.9/site-packages/urllib3/connectionpool.py:1095 InsecureRequestWarning: Unverified HTTPS request is being made to host 'randomuser.me'. Adding certificate verification is strongly advised. See: https://urllib3.readthedocs.io/en/latest/advanced-usage.html#tls-warnings
[2025-04-25T12:26:52.574+0000] {client_async.py:952} INFO - Closing idle connection 1, last active 924461 ms ago
[2025-04-25T12:26:53.035+0000] {conn.py:919} INFO - <BrokerConnection node_id=1 host=broker:29092 <connected> [IPv4 ('172.19.0.8', 29092)]>: Closing connection. 
[2025-04-25T12:26:52.945+0000] {kafka_stream.py:57} ERROR - An error occured: ('Connection aborted.', RemoteDisconnected('Remote end closed connection without response'))
[2025-04-25T12:26:53.265+0000] {conn.py:380} INFO - <BrokerConnection node_id=1 host=broker:29092 <connecting> [IPv4 ('172.19.0.8', 29092)]>: connecting to broker:29092 [('172.19.0.8', 29092) IPv4]
[2025-04-25T12:26:53.411+0000] {conn.py:410} INFO - <BrokerConnection node_id=1 host=broker:29092 <connecting> [IPv4 ('172.19.0.8', 29092)]>: Connection complete.
[2025-04-25T12:26:55.544+0000] {logging_mixin.py:151} WARNING - /home/***/.local/lib/python3.9/site-packages/urllib3/connectionpool.py:1095 InsecureRequestWarning: Unverified HTTPS request is being made to host 'randomuser.me'. Adding certificate verification is strongly advised. See: https://urllib3.readthedocs.io/en/latest/advanced-usage.html#tls-warnings
[2025-04-25T17:34:11.293+0000] {client_async.py:952} INFO - Closing idle connection 1, last active 18437518 ms ago
[2025-04-25T17:34:11.496+0000] {conn.py:919} INFO - <BrokerConnection node_id=1 host=broker:29092 <connected> [IPv4 ('172.19.0.8', 29092)]>: Closing connection. 
[2025-04-25T17:34:11.601+0000] {conn.py:380} INFO - <BrokerConnection node_id=1 host=broker:29092 <connecting> [IPv4 ('172.19.0.8', 29092)]>: connecting to broker:29092 [('172.19.0.8', 29092) IPv4]
[2025-04-25T17:34:11.721+0000] {conn.py:410} INFO - <BrokerConnection node_id=1 host=broker:29092 <connecting> [IPv4 ('172.19.0.8', 29092)]>: Connection complete.
[2025-04-25T17:34:24.950+0000] {logging_mixin.py:151} INFO - Record Inserted !!
[2025-04-25T17:34:24.954+0000] {conn.py:919} INFO - <BrokerConnection node_id=1 host=broker:29092 <connected> [IPv4 ('172.19.0.8', 29092)]>: Closing connection. 
[2025-04-25T17:34:24.956+0000] {python.py:194} INFO - Done. Returned value was: None
[2025-04-25T17:34:24.980+0000] {taskinstance.py:1400} INFO - Marking task as SUCCESS. dag_id=user_automation, task_id=stream_data_from_api, execution_date=20250425T120338, start_date=20250425T120405, end_date=20250425T173424
[2025-04-25T17:34:25.076+0000] {local_task_job_runner.py:228} INFO - Task exited with return code 0
[2025-04-25T17:34:25.117+0000] {taskinstance.py:2784} INFO - 0 downstream tasks scheduled from follow-on schedule check
