[2025-04-25T11:54:27.281+0000] {logging_mixin.py:151} INFO - Changing /opt/***/logs/dag_id=user_automation/run_id=manual__2025-04-25T11:48:00.133364+00:00/task_id=stream_data_from_api permission to 509
[2025-04-25T11:54:27.282+0000] {logging_mixin.py:151} INFO - Failed to change /opt/***/logs/dag_id=user_automation/run_id=manual__2025-04-25T11:48:00.133364+00:00/task_id=stream_data_from_api permission to 509: [Errno 1] Operation not permitted: '/opt/***/logs/dag_id=user_automation/run_id=manual__2025-04-25T11:48:00.133364+00:00/task_id=stream_data_from_api'
[2025-04-25T11:54:27.310+0000] {logging_mixin.py:151} INFO - Changing /opt/***/logs/dag_id=user_automation/run_id=manual__2025-04-25T11:48:00.133364+00:00/task_id=stream_data_from_api permission to 509
[2025-04-25T11:54:27.311+0000] {logging_mixin.py:151} INFO - Failed to change /opt/***/logs/dag_id=user_automation/run_id=manual__2025-04-25T11:48:00.133364+00:00/task_id=stream_data_from_api permission to 509: [Errno 1] Operation not permitted: '/opt/***/logs/dag_id=user_automation/run_id=manual__2025-04-25T11:48:00.133364+00:00/task_id=stream_data_from_api'
[2025-04-25T11:54:27.338+0000] {taskinstance.py:1159} INFO - Dependencies all met for dep_context=non-requeueable deps ti=<TaskInstance: user_automation.stream_data_from_api manual__2025-04-25T11:48:00.133364+00:00 [queued]>
[2025-04-25T11:54:27.347+0000] {taskinstance.py:1159} INFO - Dependencies all met for dep_context=requeueable deps ti=<TaskInstance: user_automation.stream_data_from_api manual__2025-04-25T11:48:00.133364+00:00 [queued]>
[2025-04-25T11:54:27.347+0000] {taskinstance.py:1361} INFO - Starting attempt 1 of 1
[2025-04-25T11:54:27.360+0000] {taskinstance.py:1382} INFO - Executing <Task(PythonOperator): stream_data_from_api> on 2025-04-25 11:48:00.133364+00:00
[2025-04-25T11:54:27.362+0000] {standard_task_runner.py:57} INFO - Started process 73 to run task
[2025-04-25T11:54:27.365+0000] {standard_task_runner.py:84} INFO - Running: ['***', 'tasks', 'run', 'user_automation', 'stream_data_from_api', 'manual__2025-04-25T11:48:00.133364+00:00', '--job-id', '6', '--raw', '--subdir', 'DAGS_FOLDER/kafka_stream.py', '--cfg-path', '/tmp/tmpevanukp0']
[2025-04-25T11:54:27.367+0000] {standard_task_runner.py:85} INFO - Job 6: Subtask stream_data_from_api
[2025-04-25T11:54:27.407+0000] {logging_mixin.py:151} INFO - Changing /opt/***/logs/dag_id=user_automation/run_id=manual__2025-04-25T11:48:00.133364+00:00/task_id=stream_data_from_api permission to 509
[2025-04-25T11:54:27.408+0000] {logging_mixin.py:151} INFO - Failed to change /opt/***/logs/dag_id=user_automation/run_id=manual__2025-04-25T11:48:00.133364+00:00/task_id=stream_data_from_api permission to 509: [Errno 1] Operation not permitted: '/opt/***/logs/dag_id=user_automation/run_id=manual__2025-04-25T11:48:00.133364+00:00/task_id=stream_data_from_api'
[2025-04-25T11:54:27.411+0000] {task_command.py:415} INFO - Running <TaskInstance: user_automation.stream_data_from_api manual__2025-04-25T11:48:00.133364+00:00 [running]> on host a3f1561ef11e
[2025-04-25T11:54:27.480+0000] {taskinstance.py:1660} INFO - Exporting env vars: AIRFLOW_CTX_DAG_OWNER='airscholar' AIRFLOW_CTX_DAG_ID='user_automation' AIRFLOW_CTX_TASK_ID='stream_data_from_api' AIRFLOW_CTX_EXECUTION_DATE='2025-04-25T11:48:00.133364+00:00' AIRFLOW_CTX_TRY_NUMBER='1' AIRFLOW_CTX_DAG_RUN_ID='manual__2025-04-25T11:48:00.133364+00:00'
[2025-04-25T11:54:27.513+0000] {conn.py:380} INFO - <BrokerConnection node_id=bootstrap-0 host=broker:29092 <connecting> [IPv4 ('172.19.0.8', 29092)]>: connecting to broker:29092 [('172.19.0.8', 29092) IPv4]
[2025-04-25T11:54:27.514+0000] {conn.py:1205} INFO - Probing node bootstrap-0 broker version
[2025-04-25T11:54:27.515+0000] {conn.py:410} INFO - <BrokerConnection node_id=bootstrap-0 host=broker:29092 <connecting> [IPv4 ('172.19.0.8', 29092)]>: Connection complete.
[2025-04-25T11:54:27.624+0000] {conn.py:1267} INFO - Broker version identified as 2.5.0
[2025-04-25T11:54:27.626+0000] {conn.py:1268} INFO - Set configuration api_version=(2, 5, 0) to skip auto check_version requests on startup
[2025-04-25T11:54:32.264+0000] {logging_mixin.py:151} WARNING - /home/***/.local/lib/python3.9/site-packages/urllib3/connectionpool.py:1095 InsecureRequestWarning: Unverified HTTPS request is being made to host 'randomuser.me'. Adding certificate verification is strongly advised. See: https://urllib3.readthedocs.io/en/latest/advanced-usage.html#tls-warnings
[2025-04-25T11:54:47.342+0000] {logging_mixin.py:151} INFO - Record Inserted !!
[2025-04-25T11:54:47.347+0000] {conn.py:380} INFO - <BrokerConnection node_id=1 host=broker:29092 <connecting> [IPv4 ('172.19.0.8', 29092)]>: connecting to broker:29092 [('172.19.0.8', 29092) IPv4]
[2025-04-25T11:54:47.348+0000] {conn.py:410} INFO - <BrokerConnection node_id=1 host=broker:29092 <connecting> [IPv4 ('172.19.0.8', 29092)]>: Connection complete.
[2025-04-25T11:54:47.350+0000] {conn.py:919} INFO - <BrokerConnection node_id=bootstrap-0 host=broker:29092 <connected> [IPv4 ('172.19.0.8', 29092)]>: Closing connection. 
[2025-04-25T11:54:47.552+0000] {logging_mixin.py:151} WARNING - /home/***/.local/lib/python3.9/site-packages/urllib3/connectionpool.py:1095 InsecureRequestWarning: Unverified HTTPS request is being made to host 'randomuser.me'. Adding certificate verification is strongly advised. See: https://urllib3.readthedocs.io/en/latest/advanced-usage.html#tls-warnings
[2025-04-25T11:55:02.405+0000] {logging_mixin.py:151} INFO - Record Inserted !!
[2025-04-25T11:55:02.636+0000] {logging_mixin.py:151} WARNING - /home/***/.local/lib/python3.9/site-packages/urllib3/connectionpool.py:1095 InsecureRequestWarning: Unverified HTTPS request is being made to host 'randomuser.me'. Adding certificate verification is strongly advised. See: https://urllib3.readthedocs.io/en/latest/advanced-usage.html#tls-warnings
[2025-04-25T11:55:18.124+0000] {logging_mixin.py:151} INFO - Record Inserted !!
[2025-04-25T11:55:18.377+0000] {logging_mixin.py:151} WARNING - /home/***/.local/lib/python3.9/site-packages/urllib3/connectionpool.py:1095 InsecureRequestWarning: Unverified HTTPS request is being made to host 'randomuser.me'. Adding certificate verification is strongly advised. See: https://urllib3.readthedocs.io/en/latest/advanced-usage.html#tls-warnings
[2025-04-25T11:55:33.029+0000] {logging_mixin.py:151} INFO - Record Inserted !!
[2025-04-25T11:55:33.233+0000] {logging_mixin.py:151} WARNING - /home/***/.local/lib/python3.9/site-packages/urllib3/connectionpool.py:1095 InsecureRequestWarning: Unverified HTTPS request is being made to host 'randomuser.me'. Adding certificate verification is strongly advised. See: https://urllib3.readthedocs.io/en/latest/advanced-usage.html#tls-warnings
[2025-04-25T11:55:47.285+0000] {logging_mixin.py:151} INFO - Record Inserted !!
[2025-04-25T11:55:47.478+0000] {logging_mixin.py:151} WARNING - /home/***/.local/lib/python3.9/site-packages/urllib3/connectionpool.py:1095 InsecureRequestWarning: Unverified HTTPS request is being made to host 'randomuser.me'. Adding certificate verification is strongly advised. See: https://urllib3.readthedocs.io/en/latest/advanced-usage.html#tls-warnings
[2025-04-25T11:55:59.722+0000] {logging_mixin.py:151} INFO - Record Inserted !!
[2025-04-25T11:55:59.927+0000] {logging_mixin.py:151} WARNING - /home/***/.local/lib/python3.9/site-packages/urllib3/connectionpool.py:1095 InsecureRequestWarning: Unverified HTTPS request is being made to host 'randomuser.me'. Adding certificate verification is strongly advised. See: https://urllib3.readthedocs.io/en/latest/advanced-usage.html#tls-warnings
[2025-04-25T11:56:13.192+0000] {logging_mixin.py:151} INFO - Record Inserted !!
[2025-04-25T11:56:13.804+0000] {logging_mixin.py:151} WARNING - /home/***/.local/lib/python3.9/site-packages/urllib3/connectionpool.py:1095 InsecureRequestWarning: Unverified HTTPS request is being made to host 'randomuser.me'. Adding certificate verification is strongly advised. See: https://urllib3.readthedocs.io/en/latest/advanced-usage.html#tls-warnings
[2025-04-25T12:04:03.077+0000] {local_task_job_runner.py:294} WARNING - State of this instance has been externally set to success. Terminating instance.
[2025-04-25T12:04:03.079+0000] {process_utils.py:131} INFO - Sending 15 to group 73. PIDs of all processes in the group: [73]
[2025-04-25T12:04:03.080+0000] {process_utils.py:86} INFO - Sending the signal 15 to group 73
[2025-04-25T12:04:03.082+0000] {taskinstance.py:1632} ERROR - Received SIGTERM. Terminating subprocesses.
[2025-04-25T12:04:03.084+0000] {kafka_stream.py:57} ERROR - An error occured: Task received SIGTERM signal
[2025-04-25T12:04:03.085+0000] {conn.py:919} INFO - <BrokerConnection node_id=1 host=broker:29092 <connected> [IPv4 ('172.19.0.8', 29092)]>: Closing connection. 
[2025-04-25T12:04:03.087+0000] {python.py:194} INFO - Done. Returned value was: None
[2025-04-25T12:04:03.100+0000] {taskinstance.py:1400} INFO - Marking task as SUCCESS. dag_id=user_automation, task_id=stream_data_from_api, execution_date=20250425T114800, start_date=20250425T115427, end_date=20250425T120403
[2025-04-25T12:04:03.134+0000] {process_utils.py:79} INFO - Process psutil.Process(pid=73, status='terminated', exitcode=0, started='11:54:26') (73) terminated with exit code 0
